---
source: crates/svelte-ratatui-adapter/tests/snapshot_tests.rs
expression: js.unwrap()
---
(function(){
    const target = document.activeElement || document.body;
    const init = {
        key: 'Enter',
        code: 'Enter',
        shiftKey: false,
        ctrlKey: false,
        altKey: false,
        metaKey: false,
        bubbles: true,
        cancelable: true
    };
    target.dispatchEvent(new KeyboardEvent('keydown', init));
    target.dispatchEvent(new KeyboardEvent('keyup', init));
})()
